=== e3-g4 node_rank=0 on gpu-3uwoq-6g3ya-1 ===
GPUs visible : 4
IMEX channels: 
RDMA devices : mlx5_17 mlx5_8 rdma_rail0 rdma_rail1 rdma_rail2 rdma_rail3 rdma_vf_rail0 rdma_vf_rail1 rdma_vf_rail2 rdma_vf_rail3 
interfaces   :
  lo               UNKNOWN        127.0.0.1/8 ::1/128 
  eth0@if145       UP             10.42.1.166/32 fe80::bcde:22ff:fef0:48fd/64 
W0930 06:32:52.556000 1 torch/distributed/run.py:766] 
W0930 06:32:52.556000 1 torch/distributed/run.py:766] *****************************************
W0930 06:32:52.556000 1 torch/distributed/run.py:766] Setting OMP_NUM_THREADS environment variable for each process to be 1 in default, to avoid your system being overloaded, please further tune the variable for optimal performance in your application as needed. 
W0930 06:32:52.556000 1 torch/distributed/run.py:766] *****************************************
PHASE {"name": "warmup", "event": "start", "t": 1790750000.6764436}
/usr/local/lib/python3.12/dist-packages/torch/distributed/distributed_c10d.py:4770: UserWarning: No device id is provided via `init_process_group` or `barrier `. Using the current device set by the user. 
  warnings.warn(  # warn only once
/usr/local/lib/python3.12/dist-packages/torch/distributed/distributed_c10d.py:4770: UserWarning: No device id is provided via `init_process_group` or `barrier `. Using the current device set by the user. 
  warnings.warn(  # warn only once
/usr/local/lib/python3.12/dist-packages/torch/distributed/distributed_c10d.py:4770: UserWarning: No device id is provided via `init_process_group` or `barrier `. Using the current device set by the user. 
  warnings.warn(  # warn only once
/usr/local/lib/python3.12/dist-packages/torch/distributed/distributed_c10d.py:4770: UserWarning: No device id is provided via `init_process_group` or `barrier `. Using the current device set by the user. 
  warnings.warn(  # warn only once
PHASE {"name": "warmup", "event": "end", "t": 1790750019.1868176}
PHASE {"name": "train", "event": "start", "t": 1790750019.186934}
PHASE {"name": "train", "event": "end", "t": 1790750020.530171}
PHASE {"name": "profile", "event": "start", "t": 1790750020.53048}
PHASE {"name": "profile", "event": "end", "t": 1790750020.792505}
RANK1 host=gpu-3uwoq-6g3ya-1 local_rank=1 mean_step_s=0.0269
RANK0 host=gpu-3uwoq-6g3ya-1 local_rank=0 mean_step_s=0.0269
RANK2 host=gpu-3uwoq-6g3ya-1 local_rank=2 mean_step_s=0.0269
RANK3 host=gpu-3uwoq-6g3ya-1 local_rank=3 mean_step_s=0.0269
PERF {"world": 4, "samples_per_s": 1191.15, "step_s": 0.0269, "comm_fraction": 0.78, "loss_first": 10.833297729492188, "loss_last": 10.835899353027344}
TRANSPORT {"mnnvl_channels": 0, "net_ib_channels": 0, "net_ib_gdr_channels": 0, "net_socket_channels": 0, "p2p_channels": 128, "shm_channels": 0, "ranks_reporting": 4, "path": "unknown"}
VALIDATION {"all_ok": true, "ranks_ok": 4, "world_size": 4}
RESULT /results/e3-g4/result.json
