=== e5-counters-nvlink node_rank=0 on gpu-3uwoq-6g3ya-2 ===
GPUs visible : 4
IMEX channels: channel0 
RDMA devices : mlx5_17 mlx5_8 rdma_rail0 rdma_rail1 rdma_rail2 rdma_rail3 rdma_vf_rail0 rdma_vf_rail1 rdma_vf_rail2 rdma_vf_rail3 
interfaces   :
  lo               UNKNOWN        127.0.0.1/8 ::1/128 
  eth0@if76        UP             10.42.3.253/32 fe80::b4a8:a7ff:fefb:7c5e/64 
W0930 16:22:38.828000 1 torch/distributed/run.py:766] 
W0930 16:22:38.828000 1 torch/distributed/run.py:766] *****************************************
W0930 16:22:38.828000 1 torch/distributed/run.py:766] Setting OMP_NUM_THREADS environment variable for each process to be 1 in default, to avoid your system being overloaded, please further tune the variable for optimal performance in your application as needed. 
W0930 16:22:38.828000 1 torch/distributed/run.py:766] *****************************************
PHASE {"name": "warmup-4GiB", "event": "start", "t": 1790785384.6603365}
/usr/local/lib/python3.12/dist-packages/torch/distributed/distributed_c10d.py:4770: UserWarning: No device id is provided via `init_process_group` or `barrier `. Using the current device set by the user. 
  warnings.warn(  # warn only once
/usr/local/lib/python3.12/dist-packages/torch/distributed/distributed_c10d.py:4770: UserWarning: No device id is provided via `init_process_group` or `barrier `. Using the current device set by the user. 
  warnings.warn(  # warn only once
/usr/local/lib/python3.12/dist-packages/torch/distributed/distributed_c10d.py:4770: UserWarning: No device id is provided via `init_process_group` or `barrier `. Using the current device set by the user. 
  warnings.warn(  # warn only once
/usr/local/lib/python3.12/dist-packages/torch/distributed/distributed_c10d.py:4770: UserWarning: No device id is provided via `init_process_group` or `barrier `. Using the current device set by the user. 
  warnings.warn(  # warn only once
PHASE {"name": "warmup-4GiB", "event": "end", "t": 1790785384.8348567}
PHASE {"name": "timed-4GiB", "event": "start", "t": 1790785384.8356206}
PHASE {"name": "timed-4GiB", "event": "end", "t": 1790785390.2540565}
PERF {"bytes": 4294967296, "size": "4GiB", "iters": 600, "mean_s": 0.009028, "algbw_GBs": 475.74, "busbw_GBs": 832.544, "spread_pct": 0.01, "slowest_rank": 5, "correct": true}
RANK1 host=gpu-3uwoq-6g3ya-2 local_rank=1 done
RANK0 host=gpu-3uwoq-6g3ya-2 local_rank=0 done
RANK2 host=gpu-3uwoq-6g3ya-2 local_rank=2 done
RANK3 host=gpu-3uwoq-6g3ya-2 local_rank=3 done
TRANSPORT {"mnnvl_channels": 256, "net_ib_channels": 0, "net_ib_gdr_channels": 0, "net_socket_channels": 0, "p2p_channels": 256, "shm_channels": 0, "ranks_reporting": 8, "path": "nvlink", "network": "Socket", "mnnvl": "1"}
TOPO {"world_size": 8, "n_hosts": 2, "hosts": ["gpu-3uwoq-6g3ya-1", "gpu-3uwoq-6g3ya-2"], "ranks_per_host": {"gpu-3uwoq-6g3ya-1": 4, "gpu-3uwoq-6g3ya-2": 4}, "gpu": "NVIDIA GB300"}
VALIDATION {"all_ok": true, "ranks_ok": 8, "world_size": 8}
RESULT /results/e5-counters-nvlink/result.json
