=== e5-algo-nvls node_rank=0 on gpu-3uwoq-6g3ya-1 ===
GPUs visible : 4
IMEX channels: channel0 
RDMA devices : mlx5_17 mlx5_8 rdma_rail0 rdma_rail1 rdma_rail2 rdma_rail3 rdma_vf_rail0 rdma_vf_rail1 rdma_vf_rail2 rdma_vf_rail3 
interfaces   :
  lo               UNKNOWN        127.0.0.1/8 ::1/128 
  eth0@if229       UP             10.42.1.218/32 fe80::300d:6aff:fe38:d961/64 
W0930 07:08:10.624000 1 torch/distributed/run.py:766] 
W0930 07:08:10.624000 1 torch/distributed/run.py:766] *****************************************
W0930 07:08:10.624000 1 torch/distributed/run.py:766] Setting OMP_NUM_THREADS environment variable for each process to be 1 in default, to avoid your system being overloaded, please further tune the variable for optimal performance in your application as needed. 
W0930 07:08:10.624000 1 torch/distributed/run.py:766] *****************************************
PHASE {"name": "warmup-16MiB", "event": "start", "t": 1790752116.9242823}
/usr/local/lib/python3.12/dist-packages/torch/distributed/distributed_c10d.py:4770: UserWarning: No device id is provided via `init_process_group` or `barrier `. Using the current device set by the user. 
  warnings.warn(  # warn only once
/usr/local/lib/python3.12/dist-packages/torch/distributed/distributed_c10d.py:4770: UserWarning: No device id is provided via `init_process_group` or `barrier `. Using the current device set by the user. 
  warnings.warn(  # warn only once
/usr/local/lib/python3.12/dist-packages/torch/distributed/distributed_c10d.py:4770: UserWarning: No device id is provided via `init_process_group` or `barrier `. Using the current device set by the user. 
  warnings.warn(  # warn only once
/usr/local/lib/python3.12/dist-packages/torch/distributed/distributed_c10d.py:4770: UserWarning: No device id is provided via `init_process_group` or `barrier `. Using the current device set by the user. 
  warnings.warn(  # warn only once
PHASE {"name": "warmup-16MiB", "event": "end", "t": 1790752116.9276204}
PHASE {"name": "timed-16MiB", "event": "start", "t": 1790752116.9277568}
PHASE {"name": "timed-16MiB", "event": "end", "t": 1790752116.9379518}
PERF {"bytes": 16777216, "size": "16MiB", "iters": 100, "mean_s": 9.9e-05, "algbw_GBs": 169.484, "busbw_GBs": 296.596, "spread_pct": 0.75, "slowest_rank": 4, "correct": true}
PHASE {"name": "warmup-512MiB", "event": "start", "t": 1790752119.2620993}
PHASE {"name": "warmup-512MiB", "event": "end", "t": 1790752119.2758765}
PHASE {"name": "timed-512MiB", "event": "start", "t": 1790752119.276119}
PHASE {"name": "timed-512MiB", "event": "end", "t": 1790752119.303205}
PERF {"bytes": 536870912, "size": "512MiB", "iters": 20, "mean_s": 0.001352, "algbw_GBs": 397.21, "busbw_GBs": 695.117, "spread_pct": 0.4, "slowest_rank": 5, "correct": true}
PHASE {"name": "warmup-4GiB", "event": "start", "t": 1790752119.3074086}
PHASE {"name": "warmup-4GiB", "event": "end", "t": 1790752119.335731}
PHASE {"name": "timed-4GiB", "event": "start", "t": 1790752119.3357937}
PHASE {"name": "timed-4GiB", "event": "end", "t": 1790752119.3811817}
PERF {"bytes": 4294967296, "size": "4GiB", "iters": 5, "mean_s": 0.00906, "algbw_GBs": 474.052, "busbw_GBs": 829.591, "spread_pct": 0.6, "slowest_rank": 1, "correct": true}
RANK0 host=gpu-3uwoq-6g3ya-1 local_rank=0 done
RANK1 host=gpu-3uwoq-6g3ya-1 local_rank=1 done
RANK3 host=gpu-3uwoq-6g3ya-1 local_rank=3 done
RANK2 host=gpu-3uwoq-6g3ya-1 local_rank=2 done
TRANSPORT {"mnnvl_channels": 0, "net_ib_channels": 0, "net_ib_gdr_channels": 0, "net_socket_channels": 0, "p2p_channels": 0, "shm_channels": 0, "ranks_reporting": 8, "path": "unknown", "network": "Socket", "mnnvl": "1"}
TOPO {"world_size": 8, "n_hosts": 2, "hosts": ["gpu-3uwoq-6g3ya-1", "gpu-3uwoq-6g3ya-2"], "ranks_per_host": {"gpu-3uwoq-6g3ya-1": 4, "gpu-3uwoq-6g3ya-2": 4}, "gpu": "NVIDIA GB300"}
VALIDATION {"all_ok": true, "ranks_ok": 8, "world_size": 8}
RESULT /results/e5-algo-nvls/result.json
