=== e5-algo-tree node_rank=1 on gpu-3uwoq-6g3ya-2 ===
GPUs visible : 4
IMEX channels: channel0 
RDMA devices : mlx5_17 mlx5_8 rdma_rail0 rdma_rail1 rdma_rail2 rdma_rail3 rdma_vf_rail0 rdma_vf_rail1 rdma_vf_rail2 rdma_vf_rail3 
interfaces   :
  lo               UNKNOWN        127.0.0.1/8 ::1/128 
  eth0@if235       UP             10.42.2.194/32 fe80::7860:36ff:fe5a:3fe/64 
W0930 07:10:59.807000 1 torch/distributed/run.py:766] 
W0930 07:10:59.807000 1 torch/distributed/run.py:766] *****************************************
W0930 07:10:59.807000 1 torch/distributed/run.py:766] Setting OMP_NUM_THREADS environment variable for each process to be 1 in default, to avoid your system being overloaded, please further tune the variable for optimal performance in your application as needed. 
W0930 07:10:59.807000 1 torch/distributed/run.py:766] *****************************************
[rank4]: Traceback (most recent call last):
[rank4]:   File "<frozen runpy>", line 198, in _run_module_as_main
[rank4]:   File "<frozen runpy>", line 88, in _run_code
[rank4]:   File "/opt/compass/bench/__main__.py", line 31, in <module>
[rank4]:     sys.exit(main())
[rank4]:              ^^^^^^
[rank4]:   File "/opt/compass/bench/__main__.py", line 27, in main
[rank4]:     return m(rest)
[rank4]:            ^^^^^^^
[rank4]:   File "/opt/compass/bench/allreduce.py", line 84, in main
[rank4]:     dist.all_gather_object(everyone, me)
[rank4]:   File "/usr/local/lib/python3.12/dist-packages/torch/distributed/c10d_logger.py", line 81, in wrapper
[rank4]:     return func(*args, **kwargs)
[rank4]:            ^^^^^^^^^^^^^^^^^^^^^
[rank4]:   File "/usr/local/lib/python3.12/dist-packages/torch/distributed/distributed_c10d.py", line 3131, in all_gather_object
[rank4]:     all_gather(object_size_list, local_size, group=group)
[rank4]:   File "/usr/local/lib/python3.12/dist-packages/torch/distributed/c10d_logger.py", line 81, in wrapper
[rank4]:     return func(*args, **kwargs)
[rank4]:            ^^^^^^^^^^^^^^^^^^^^^
[rank4]:   File "/usr/local/lib/python3.12/dist-packages/torch/distributed/distributed_c10d.py", line 3842, in all_gather
[rank4]:     work = group.allgather([tensor_list], [tensor], opts)
[rank4]:            ^^^^^^^^^^^^^^^^^^^^^^^^^^^^^^^^^^^^^^^^^^^^^^
[rank4]: torch.distributed.DistBackendError: NCCL error in: /opt/pytorch/pytorch/torch/csrc/distributed/c10d/ProcessGroupNCCL.cpp:3615, invalid usage (run with NCCL_DEBUG=WARN for details), NCCL version 2.27.7
[rank4]: ncclInvalidUsage: This usually reflects invalid usage of NCCL library.
[rank4]: Last error:
[rank4]: Error : no algorithm/protocol available for function AllGather with datatype ncclInt8. NCCL_ALGO was set to Tree.
[rank5]: Traceback (most recent call last):
[rank5]:   File "<frozen runpy>", line 198, in _run_module_as_main
[rank5]:   File "<frozen runpy>", line 88, in _run_code
[rank5]:   File "/opt/compass/bench/__main__.py", line 31, in <module>
[rank5]:     sys.exit(main())
[rank5]:              ^^^^^^
[rank5]:   File "/opt/compass/bench/__main__.py", line 27, in main
[rank5]:     return m(rest)
[rank5]:            ^^^^^^^
[rank5]:   File "/opt/compass/bench/allreduce.py", line 84, in main
[rank5]:     dist.all_gather_object(everyone, me)
[rank5]:   File "/usr/local/lib/python3.12/dist-packages/torch/distributed/c10d_logger.py", line 81, in wrapper
[rank5]:     return func(*args, **kwargs)
[rank5]:            ^^^^^^^^^^^^^^^^^^^^^
[rank5]:   File "/usr/local/lib/python3.12/dist-packages/torch/distributed/distributed_c10d.py", line 3131, in all_gather_object
[rank5]:     all_gather(object_size_list, local_size, group=group)
[rank5]:   File "/usr/local/lib/python3.12/dist-packages/torch/distributed/c10d_logger.py", line 81, in wrapper
[rank5]:     return func(*args, **kwargs)
[rank5]:            ^^^^^^^^^^^^^^^^^^^^^
[rank5]:   File "/usr/local/lib/python3.12/dist-packages/torch/distributed/distributed_c10d.py", line 3842, in all_gather
[rank5]:     work = group.allgather([tensor_list], [tensor], opts)
[rank5]:            ^^^^^^^^^^^^^^^^^^^^^^^^^^^^^^^^^^^^^^^^^^^^^^
[rank5]: torch.distributed.DistBackendError: NCCL error in: /opt/pytorch/pytorch/torch/csrc/distributed/c10d/ProcessGroupNCCL.cpp:3615, invalid usage (run with NCCL_DEBUG=WARN for details), NCCL version 2.27.7
[rank5]: ncclInvalidUsage: This usually reflects invalid usage of NCCL library.
[rank5]: Last error:
[rank5]: Error : no algorithm/protocol available for function AllGather with datatype ncclInt8. NCCL_ALGO was set to Tree.
[rank6]: Traceback (most recent call last):
[rank6]:   File "<frozen runpy>", line 198, in _run_module_as_main
[rank6]:   File "<frozen runpy>", line 88, in _run_code
[rank6]:   File "/opt/compass/bench/__main__.py", line 31, in <module>
[rank6]:     sys.exit(main())
[rank6]:              ^^^^^^
[rank6]:   File "/opt/compass/bench/__main__.py", line 27, in main
[rank6]:     return m(rest)
[rank6]:            ^^^^^^^
[rank6]:   File "/opt/compass/bench/allreduce.py", line 84, in main
[rank6]:     dist.all_gather_object(everyone, me)
[rank6]:   File "/usr/local/lib/python3.12/dist-packages/torch/distributed/c10d_logger.py", line 81, in wrapper
[rank6]:     return func(*args, **kwargs)
[rank6]:            ^^^^^^^^^^^^^^^^^^^^^
[rank6]:   File "/usr/local/lib/python3.12/dist-packages/torch/distributed/distributed_c10d.py", line 3131, in all_gather_object
[rank6]:     all_gather(object_size_list, local_size, group=group)
[rank6]:   File "/usr/local/lib/python3.12/dist-packages/torch/distributed/c10d_logger.py", line 81, in wrapper
[rank6]:     return func(*args, **kwargs)
[rank6]:            ^^^^^^^^^^^^^^^^^^^^^
[rank6]:   File "/usr/local/lib/python3.12/dist-packages/torch/distributed/distributed_c10d.py", line 3842, in all_gather
[rank6]:     work = group.allgather([tensor_list], [tensor], opts)
[rank6]:            ^^^^^^^^^^^^^^^^^^^^^^^^^^^^^^^^^^^^^^^^^^^^^^
[rank6]: torch.distributed.DistBackendError: NCCL error in: /opt/pytorch/pytorch/torch/csrc/distributed/c10d/ProcessGroupNCCL.cpp:3615, invalid usage (run with NCCL_DEBUG=WARN for details), NCCL version 2.27.7
[rank6]: ncclInvalidUsage: This usually reflects invalid usage of NCCL library.
[rank6]: Last error:
[rank6]: Error : no algorithm/protocol available for function AllGather with datatype ncclInt8. NCCL_ALGO was set to Tree.
[rank7]: Traceback (most recent call last):
[rank7]:   File "<frozen runpy>", line 198, in _run_module_as_main
[rank7]:   File "<frozen runpy>", line 88, in _run_code
[rank7]:   File "/opt/compass/bench/__main__.py", line 31, in <module>
[rank7]:     sys.exit(main())
[rank7]:              ^^^^^^
[rank7]:   File "/opt/compass/bench/__main__.py", line 27, in main
[rank7]:     return m(rest)
[rank7]:            ^^^^^^^
[rank7]:   File "/opt/compass/bench/allreduce.py", line 84, in main
[rank7]:     dist.all_gather_object(everyone, me)
[rank7]:   File "/usr/local/lib/python3.12/dist-packages/torch/distributed/c10d_logger.py", line 81, in wrapper
[rank7]:     return func(*args, **kwargs)
[rank7]:            ^^^^^^^^^^^^^^^^^^^^^
[rank7]:   File "/usr/local/lib/python3.12/dist-packages/torch/distributed/distributed_c10d.py", line 3131, in all_gather_object
[rank7]:     all_gather(object_size_list, local_size, group=group)
[rank7]:   File "/usr/local/lib/python3.12/dist-packages/torch/distributed/c10d_logger.py", line 81, in wrapper
[rank7]:     return func(*args, **kwargs)
[rank7]:            ^^^^^^^^^^^^^^^^^^^^^
[rank7]:   File "/usr/local/lib/python3.12/dist-packages/torch/distributed/distributed_c10d.py", line 3842, in all_gather
[rank7]:     work = group.allgather([tensor_list], [tensor], opts)
[rank7]:            ^^^^^^^^^^^^^^^^^^^^^^^^^^^^^^^^^^^^^^^^^^^^^^
[rank7]: torch.distributed.DistBackendError: NCCL error in: /opt/pytorch/pytorch/torch/csrc/distributed/c10d/ProcessGroupNCCL.cpp:3615, invalid usage (run with NCCL_DEBUG=WARN for details), NCCL version 2.27.7
[rank7]: ncclInvalidUsage: This usually reflects invalid usage of NCCL library.
[rank7]: Last error:
[rank7]: Error : no algorithm/protocol available for function AllGather with datatype ncclInt8. NCCL_ALGO was set to Tree.
[rank4]:[W930 07:11:25.408969737 ProcessGroupNCCL.cpp:1538] Warning: WARNING: destroy_process_group() was not called before program exit, which can leak resources. For more info, please see https://pytorch.org/docs/stable/distributed.html#shutdown (function operator())
W0930 07:11:26.678000 1 torch/distributed/elastic/multiprocessing/api.py:900] Sending process 256 closing signal SIGTERM
W0930 07:11:26.678000 1 torch/distributed/elastic/multiprocessing/api.py:900] Sending process 257 closing signal SIGTERM
E0930 07:11:27.093000 1 torch/distributed/elastic/multiprocessing/api.py:874] failed (exitcode: 1) local_rank: 0 (pid: 254) of binary: /usr/bin/python
Traceback (most recent call last):
  File "/usr/local/bin/torchrun", line 7, in <module>
    sys.exit(main())
             ^^^^^^
  File "/usr/local/lib/python3.12/dist-packages/torch/distributed/elastic/multiprocessing/errors/__init__.py", line 357, in wrapper
    return f(*args, **kwargs)
           ^^^^^^^^^^^^^^^^^^
  File "/usr/local/lib/python3.12/dist-packages/torch/distributed/run.py", line 892, in main
    run(args)
  File "/usr/local/lib/python3.12/dist-packages/torch/distributed/run.py", line 883, in run
    elastic_launch(
  File "/usr/local/lib/python3.12/dist-packages/torch/distributed/launcher/api.py", line 139, in __call__
    return launch_agent(self._config, self._entrypoint, list(args))
           ^^^^^^^^^^^^^^^^^^^^^^^^^^^^^^^^^^^^^^^^^^^^^^^^^^^^^^^^
  File "/usr/local/lib/python3.12/dist-packages/torch/distributed/launcher/api.py", line 270, in launch_agent
    raise ChildFailedError(
torch.distributed.elastic.multiprocessing.errors.ChildFailedError: 
============================================================
bench FAILED
------------------------------------------------------------
Failures:
[1]:
  time      : 2026-09-30_07:11:26
  host      : compass-e5-algo-tree-1.compass-e5-algo-tree.compass.svc.cluster.local
  rank      : 5 (local_rank: 1)
  exitcode  : 1 (pid: 255)
  error_file: <N/A>
  traceback : To enable traceback see: https://pytorch.org/docs/stable/elastic/errors.html
------------------------------------------------------------
Root Cause (first observed failure):
[0]:
  time      : 2026-09-30_07:11:26
  host      : compass-e5-algo-tree-1.compass-e5-algo-tree.compass.svc.cluster.local
  rank      : 4 (local_rank: 0)
  exitcode  : 1 (pid: 254)
  error_file: <N/A>
  traceback : To enable traceback see: https://pytorch.org/docs/stable/elastic/errors.html
============================================================
