=== e5-counters-rails1 node_rank=0 on gpu-3uwoq-6g3ya-1 ===
GPUs visible : 4
IMEX channels: 
RDMA devices : mlx5_17 mlx5_8 rdma_rail0 rdma_rail1 rdma_rail2 rdma_rail3 rdma_vf_rail0 rdma_vf_rail1 rdma_vf_rail2 rdma_vf_rail3 
interfaces   :
  lo               UNKNOWN        127.0.0.1/8 ::1/128 
  rdma_vf_rail0@if28 UNKNOWN        fe80::2f1:b200:195:d2ec/64 
  eth0@if333       UP             10.42.1.234/32 fe80::840a:46ff:fe52:f397/64 
  rdma_vf_rail0@if28 UNKNOWN        fdcd:8300:a1af:70ed:2f1:b200:195:d2ec/64 
rdma_vf_rail0:
  [4] fe80:0000:0000:0000:02f1:b200:0195:d2ec  IB/RoCE v1   rdma_vf_rail0        link-local
  [5] fe80:0000:0000:0000:02f1:b200:0195:d2ec  RoCE v2      rdma_vf_rail0        link-local
  [6] fdcd:8300:a1af:70ed:02f1:b200:0195:d2ec  IB/RoCE v1   rdma_vf_rail0        global
  [7] fdcd:8300:a1af:70ed:02f1:b200:0195:d2ec  RoCE v2      rdma_vf_rail0        global <-- chosen
NCCL_IB_GID_INDEX=7  consistent=True
NCCL_IB_HCA==rdma_vf_rail0 NCCL_IB_GID_INDEX=7
W0930 16:25:49.180000 1 torch/distributed/run.py:766] 
W0930 16:25:49.180000 1 torch/distributed/run.py:766] *****************************************
W0930 16:25:49.180000 1 torch/distributed/run.py:766] Setting OMP_NUM_THREADS environment variable for each process to be 1 in default, to avoid your system being overloaded, please further tune the variable for optimal performance in your application as needed. 
W0930 16:25:49.180000 1 torch/distributed/run.py:766] *****************************************
PHASE {"name": "warmup-4GiB", "event": "start", "t": 1790785575.3213904}
/usr/local/lib/python3.12/dist-packages/torch/distributed/distributed_c10d.py:4770: UserWarning: No device id is provided via `init_process_group` or `barrier `. Using the current device set by the user. 
  warnings.warn(  # warn only once
/usr/local/lib/python3.12/dist-packages/torch/distributed/distributed_c10d.py:4770: UserWarning: No device id is provided via `init_process_group` or `barrier `. Using the current device set by the user. 
  warnings.warn(  # warn only once
/usr/local/lib/python3.12/dist-packages/torch/distributed/distributed_c10d.py:4770: UserWarning: No device id is provided via `init_process_group` or `barrier `. Using the current device set by the user. 
  warnings.warn(  # warn only once
/usr/local/lib/python3.12/dist-packages/torch/distributed/distributed_c10d.py:4770: UserWarning: No device id is provided via `init_process_group` or `barrier `. Using the current device set by the user. 
  warnings.warn(  # warn only once
PHASE {"name": "warmup-4GiB", "event": "end", "t": 1790785576.4109273}
PHASE {"name": "timed-4GiB", "event": "start", "t": 1790785576.4111562}
PHASE {"name": "timed-4GiB", "event": "end", "t": 1790785589.5778244}
PERF {"bytes": 4294967296, "size": "4GiB", "iters": 150, "mean_s": 0.087774, "algbw_GBs": 48.932, "busbw_GBs": 85.631, "spread_pct": 0.0, "slowest_rank": 1, "correct": true}
RANK1 host=gpu-3uwoq-6g3ya-1 local_rank=1 done
RANK0 host=gpu-3uwoq-6g3ya-1 local_rank=0 done
RANK2 host=gpu-3uwoq-6g3ya-1 local_rank=2 done
RANK3 host=gpu-3uwoq-6g3ya-1 local_rank=3 done
TRANSPORT {"mnnvl_channels": 0, "net_ib_channels": 256, "net_ib_gdr_channels": 256, "net_socket_channels": 0, "p2p_channels": 448, "shm_channels": 0, "ranks_reporting": 8, "path": "rdma_gdr", "network": "IBext_v10", "mnnvl": "0"}
TOPO {"world_size": 8, "n_hosts": 2, "hosts": ["gpu-3uwoq-6g3ya-1", "gpu-3uwoq-6g3ya-2"], "ranks_per_host": {"gpu-3uwoq-6g3ya-1": 4, "gpu-3uwoq-6g3ya-2": 4}, "gpu": "NVIDIA GB300"}
VALIDATION {"all_ok": true, "ranks_ok": 8, "world_size": 8}
RESULT /results/e5-counters-rails1/result.json
