=== e2-rails1 node_rank=0 on gpu-3uwoq-6g3ya-2 ===
GPUs visible : 4
IMEX channels: 
RDMA devices : mlx5_17 mlx5_8 rdma_rail0 rdma_rail1 rdma_rail2 rdma_rail3 rdma_vf_rail0 rdma_vf_rail1 rdma_vf_rail2 rdma_vf_rail3 
interfaces   :
  lo               UNKNOWN        127.0.0.1/8 ::1/128 
  rdma_vf_rail0@if28 UNKNOWN        fe80::285:fb00:168:5c10/64 
  eth0@if121       UP             10.42.2.101/32 fe80::94d7:9ff:fe55:15c8/64 
  rdma_vf_rail0@if28 UNKNOWN        fdcd:8300:a1af:70ee:285:fb00:168:5c10/64 
rdma_vf_rail0:
  [4] fe80:0000:0000:0000:0285:fb00:0168:5c10  IB/RoCE v1   rdma_vf_rail0        link-local
  [5] fe80:0000:0000:0000:0285:fb00:0168:5c10  RoCE v2      rdma_vf_rail0        link-local
  [6] fdcd:8300:a1af:70ee:0285:fb00:0168:5c10  IB/RoCE v1   rdma_vf_rail0        global
  [7] fdcd:8300:a1af:70ee:0285:fb00:0168:5c10  RoCE v2      rdma_vf_rail0        global <-- chosen
NCCL_IB_GID_INDEX=7  consistent=True
NCCL_IB_HCA==rdma_vf_rail0 NCCL_IB_GID_INDEX=7
W0930 06:21:13.448000 1 torch/distributed/run.py:766] 
W0930 06:21:13.448000 1 torch/distributed/run.py:766] *****************************************
W0930 06:21:13.448000 1 torch/distributed/run.py:766] Setting OMP_NUM_THREADS environment variable for each process to be 1 in default, to avoid your system being overloaded, please further tune the variable for optimal performance in your application as needed. 
W0930 06:21:13.448000 1 torch/distributed/run.py:766] *****************************************
PHASE {"name": "warmup-16MiB", "event": "start", "t": 1790749299.8575153}
/usr/local/lib/python3.12/dist-packages/torch/distributed/distributed_c10d.py:4770: UserWarning: No device id is provided via `init_process_group` or `barrier `. Using the current device set by the user. 
  warnings.warn(  # warn only once
/usr/local/lib/python3.12/dist-packages/torch/distributed/distributed_c10d.py:4770: UserWarning: No device id is provided via `init_process_group` or `barrier `. Using the current device set by the user. 
  warnings.warn(  # warn only once
/usr/local/lib/python3.12/dist-packages/torch/distributed/distributed_c10d.py:4770: UserWarning: No device id is provided via `init_process_group` or `barrier `. Using the current device set by the user. 
  warnings.warn(  # warn only once
/usr/local/lib/python3.12/dist-packages/torch/distributed/distributed_c10d.py:4770: UserWarning: No device id is provided via `init_process_group` or `barrier `. Using the current device set by the user. 
  warnings.warn(  # warn only once
PHASE {"name": "warmup-16MiB", "event": "end", "t": 1790749300.5883613}
PHASE {"name": "timed-16MiB", "event": "start", "t": 1790749300.588538}
PHASE {"name": "timed-16MiB", "event": "end", "t": 1790749300.6261497}
PERF {"bytes": 16777216, "size": "16MiB", "iters": 100, "mean_s": 0.000373, "algbw_GBs": 44.972, "busbw_GBs": 78.701, "spread_pct": 0.19, "slowest_rank": 5, "correct": true}
PHASE {"name": "warmup-512MiB", "event": "start", "t": 1790749302.8959777}
PHASE {"name": "warmup-512MiB", "event": "end", "t": 1790749302.9834013}
PHASE {"name": "timed-512MiB", "event": "start", "t": 1790749302.983594}
PHASE {"name": "timed-512MiB", "event": "end", "t": 1790749303.146834}
PERF {"bytes": 536870912, "size": "512MiB", "iters": 20, "mean_s": 0.008158, "algbw_GBs": 65.813, "busbw_GBs": 115.172, "spread_pct": 0.02, "slowest_rank": 1, "correct": true}
PHASE {"name": "warmup-4GiB", "event": "start", "t": 1790749303.150815}
PHASE {"name": "warmup-4GiB", "event": "end", "t": 1790749303.356615}
PHASE {"name": "timed-4GiB", "event": "start", "t": 1790749303.3566756}
PHASE {"name": "timed-4GiB", "event": "end", "t": 1790749303.7496412}
PERF {"bytes": 4294967296, "size": "4GiB", "iters": 5, "mean_s": 0.078592, "algbw_GBs": 54.649, "busbw_GBs": 95.635, "spread_pct": 0.02, "slowest_rank": 5, "correct": true}
RANK1 host=gpu-3uwoq-6g3ya-2 local_rank=1 done
RANK2 host=gpu-3uwoq-6g3ya-2 local_rank=2 doneRANK3 host=gpu-3uwoq-6g3ya-2 local_rank=3 done

RANK0 host=gpu-3uwoq-6g3ya-2 local_rank=0 done
TRANSPORT {"mnnvl_channels": 0, "net_ib_channels": 256, "net_ib_gdr_channels": 256, "net_socket_channels": 0, "p2p_channels": 448, "shm_channels": 0, "ranks_reporting": 8, "path": "rdma_gdr", "network": "IBext_v10", "mnnvl": "0"}
TOPO {"world_size": 8, "n_hosts": 2, "hosts": ["gpu-3uwoq-6g3ya-1", "gpu-3uwoq-6g3ya-2"], "ranks_per_host": {"gpu-3uwoq-6g3ya-1": 4, "gpu-3uwoq-6g3ya-2": 4}, "gpu": "NVIDIA GB300"}
VALIDATION {"all_ok": true, "ranks_ok": 8, "world_size": 8}
RESULT /results/e2-rails1/result.json
