=== e5-algo-ring node_rank=0 on gpu-3uwoq-6g3ya-1 ===
GPUs visible : 4
IMEX channels: channel0 
RDMA devices : mlx5_17 mlx5_8 rdma_rail0 rdma_rail1 rdma_rail2 rdma_rail3 rdma_vf_rail0 rdma_vf_rail1 rdma_vf_rail2 rdma_vf_rail3 
interfaces   :
  lo               UNKNOWN        127.0.0.1/8 ::1/128 
  eth0@if233       UP             10.42.1.207/32 fe80::20d5:cff:febf:f00b/64 
W0930 07:09:35.445000 1 torch/distributed/run.py:766] 
W0930 07:09:35.445000 1 torch/distributed/run.py:766] *****************************************
W0930 07:09:35.445000 1 torch/distributed/run.py:766] Setting OMP_NUM_THREADS environment variable for each process to be 1 in default, to avoid your system being overloaded, please further tune the variable for optimal performance in your application as needed. 
W0930 07:09:35.445000 1 torch/distributed/run.py:766] *****************************************
PHASE {"name": "warmup-16MiB", "event": "start", "t": 1790752202.524297}
/usr/local/lib/python3.12/dist-packages/torch/distributed/distributed_c10d.py:4770: UserWarning: No device id is provided via `init_process_group` or `barrier `. Using the current device set by the user. 
  warnings.warn(  # warn only once
/usr/local/lib/python3.12/dist-packages/torch/distributed/distributed_c10d.py:4770: UserWarning: No device id is provided via `init_process_group` or `barrier `. Using the current device set by the user. 
  warnings.warn(  # warn only once
/usr/local/lib/python3.12/dist-packages/torch/distributed/distributed_c10d.py:4770: UserWarning: No device id is provided via `init_process_group` or `barrier `. Using the current device set by the user. 
  warnings.warn(  # warn only once
/usr/local/lib/python3.12/dist-packages/torch/distributed/distributed_c10d.py:4770: UserWarning: No device id is provided via `init_process_group` or `barrier `. Using the current device set by the user. 
  warnings.warn(  # warn only once
PHASE {"name": "warmup-16MiB", "event": "end", "t": 1790752202.5278373}
PHASE {"name": "timed-16MiB", "event": "start", "t": 1790752202.5279825}
PHASE {"name": "timed-16MiB", "event": "end", "t": 1790752202.5372698}
PERF {"bytes": 16777216, "size": "16MiB", "iters": 100, "mean_s": 9e-05, "algbw_GBs": 186.791, "busbw_GBs": 326.884, "spread_pct": 2.04, "slowest_rank": 4, "correct": true}
PHASE {"name": "warmup-512MiB", "event": "start", "t": 1790752204.836374}
PHASE {"name": "warmup-512MiB", "event": "end", "t": 1790752204.8514016}
PHASE {"name": "timed-512MiB", "event": "start", "t": 1790752204.8516486}
PHASE {"name": "timed-512MiB", "event": "end", "t": 1790752204.8813264}
PERF {"bytes": 536870912, "size": "512MiB", "iters": 20, "mean_s": 0.00148, "algbw_GBs": 362.747, "busbw_GBs": 634.807, "spread_pct": 0.17, "slowest_rank": 1, "correct": true}
PHASE {"name": "warmup-4GiB", "event": "start", "t": 1790752204.88515}
PHASE {"name": "warmup-4GiB", "event": "end", "t": 1790752204.9194822}
PHASE {"name": "timed-4GiB", "event": "start", "t": 1790752204.919553}
PHASE {"name": "timed-4GiB", "event": "end", "t": 1790752204.974939}
PERF {"bytes": 4294967296, "size": "4GiB", "iters": 5, "mean_s": 0.011062, "algbw_GBs": 388.255, "busbw_GBs": 679.446, "spread_pct": 0.17, "slowest_rank": 1, "correct": true}
RANK0 host=gpu-3uwoq-6g3ya-1 local_rank=0 done
RANK1 host=gpu-3uwoq-6g3ya-1 local_rank=1 done
RANK3 host=gpu-3uwoq-6g3ya-1 local_rank=3 done
RANK2 host=gpu-3uwoq-6g3ya-1 local_rank=2 done
TRANSPORT {"mnnvl_channels": 256, "net_ib_channels": 0, "net_ib_gdr_channels": 0, "net_socket_channels": 0, "p2p_channels": 256, "shm_channels": 0, "ranks_reporting": 8, "path": "nvlink", "network": "Socket", "mnnvl": "1"}
TOPO {"world_size": 8, "n_hosts": 2, "hosts": ["gpu-3uwoq-6g3ya-1", "gpu-3uwoq-6g3ya-2"], "ranks_per_host": {"gpu-3uwoq-6g3ya-1": 4, "gpu-3uwoq-6g3ya-2": 4}, "gpu": "NVIDIA GB300"}
VALIDATION {"all_ok": true, "ranks_ok": 8, "world_size": 8}
RESULT /results/e5-algo-ring/result.json
