=== e1-tcp node_rank=1 on gpu-3uwoq-6g3ya-1 ===
GPUs visible : 4
IMEX channels: 
RDMA devices : mlx5_17 mlx5_8 rdma_rail0 rdma_rail1 rdma_rail2 rdma_rail3 rdma_vf_rail0 rdma_vf_rail1 rdma_vf_rail2 rdma_vf_rail3 
interfaces   :
  lo               UNKNOWN        127.0.0.1/8 ::1/128 
  eth0@if105       UP             10.42.1.39/32 fe80::848c:71ff:feb4:43e5/64 
W0930 06:14:51.172000 1 torch/distributed/run.py:766] 
W0930 06:14:51.172000 1 torch/distributed/run.py:766] *****************************************
W0930 06:14:51.172000 1 torch/distributed/run.py:766] Setting OMP_NUM_THREADS environment variable for each process to be 1 in default, to avoid your system being overloaded, please further tune the variable for optimal performance in your application as needed. 
W0930 06:14:51.172000 1 torch/distributed/run.py:766] *****************************************
/usr/local/lib/python3.12/dist-packages/torch/distributed/distributed_c10d.py:4770: UserWarning: No device id is provided via `init_process_group` or `barrier `. Using the current device set by the user. 
  warnings.warn(  # warn only once
/usr/local/lib/python3.12/dist-packages/torch/distributed/distributed_c10d.py:4770: UserWarning: No device id is provided via `init_process_group` or `barrier `. Using the current device set by the user. 
  warnings.warn(  # warn only once
/usr/local/lib/python3.12/dist-packages/torch/distributed/distributed_c10d.py:4770: UserWarning: No device id is provided via `init_process_group` or `barrier `. Using the current device set by the user. 
  warnings.warn(  # warn only once
/usr/local/lib/python3.12/dist-packages/torch/distributed/distributed_c10d.py:4770: UserWarning: No device id is provided via `init_process_group` or `barrier `. Using the current device set by the user. 
  warnings.warn(  # warn only once
RANK5 host=gpu-3uwoq-6g3ya-1 local_rank=1 done
RANK6 host=gpu-3uwoq-6g3ya-1 local_rank=2 done
RANK7 host=gpu-3uwoq-6g3ya-1 local_rank=3 done
RANK4 host=gpu-3uwoq-6g3ya-1 local_rank=0 done
